// Jest Snapshot v1, https://goo.gl/fbAQLP

exports[`<ContactForm/> renders as expected 1`] = `
<div
  className="card"
>
  <div
    className="card-body"
    id="contact-form"
  >
    <h4
      className="card-title"
    >
      Add your info for class updates!
    </h4>
    <form
      className="new_contact"
      id="add-contact-form"
      onSubmit={[Function]}
    >
      <div
        className="form-group"
      >
        <label
          htmlFor="contact_name_field"
        >
          Name
        </label>
        <input
          autoComplete="name"
          className="form-control"
          id="contact_name_field"
          name="contact[name]"
          onChange={[Function]}
          type="text"
        />
      </div>
      <div
        className="form-group"
      >
        <label
          htmlFor="contact_email_field"
        >
          Email
        </label>
        <input
          autoComplete="email"
          className="form-control"
          id="contact_email_field"
          name="contact[email]"
          onChange={[Function]}
          type="text"
        />
      </div>
      <div
        className="form-group"
      >
        <label
          htmlFor="contact_telephone_field"
        >
          Telephone
        </label>
        <input
          autoComplete="tel"
          className="form-control"
          id="contact_telephone_field"
          name="contact[telephone]"
          onChange={[Function]}
          type="text"
        />
      </div>
      <div
        className="form-group"
      >
        <label
          htmlFor="contact_mailing_address_field"
        >
          Mailing Address
        </label>
        <input
          autoComplete="address-line1"
          className="form-control"
          id="contact_mailing_address_field"
          name="contact[mailing_address]"
          onChange={[Function]}
          type="text"
        />
      </div>
      <div
        className="actions"
      >
        <input
          className="btn btn-primary"
          id="add_contact_submit"
          type="submit"
          value="Add Contact info"
        />
      </div>
    </form>
  </div>
</div>
`;
