// Jest Snapshot v1, https://goo.gl/fbAQLP

exports[`<FormGroup /> renders as expected 1`] = `
<div
  className="form-group"
>
  <label
    htmlFor="field_name"
  >
    Fill this out!
  </label>
  <input
    autoComplete="on"
    className="form-control"
    id="field_name"
    name="custom_form[field]"
    onChange={[Function]}
    type="text"
  />
</div>
`;
